c:\users\angel\onedrive\documentos\2025_1\poo\git hub poo\security_net\security_net2.0\securitymodelsolution\securitymodel\x64\debug\securitymodel.pch
c:\users\angel\onedrive\documentos\2025_1\poo\git hub poo\security_net\security_net2.0\securitymodelsolution\securitymodel\x64\debug\vc143.pdb
c:\users\angel\onedrive\documentos\2025_1\poo\git hub poo\security_net\security_net2.0\securitymodelsolution\securitymodel\x64\debug\pch.obj
c:\users\angel\onedrive\documentos\2025_1\poo\git hub poo\security_net\security_net2.0\securitymodelsolution\securitymodel\x64\debug\warningtype.obj
c:\users\angel\onedrive\documentos\2025_1\poo\git hub poo\security_net\security_net2.0\securitymodelsolution\securitymodel\x64\debug\warningreport.obj
c:\users\angel\onedrive\documentos\2025_1\poo\git hub poo\security_net\security_net2.0\securitymodelsolution\securitymodel\x64\debug\warning.obj
c:\users\angel\onedrive\documentos\2025_1\poo\git hub poo\security_net\security_net2.0\securitymodelsolution\securitymodel\x64\debug\usernet.obj
c:\users\angel\onedrive\documentos\2025_1\poo\git hub poo\security_net\security_net2.0\securitymodelsolution\securitymodel\x64\debug\ultrasonic.obj
c:\users\angel\onedrive\documentos\2025_1\poo\git hub poo\security_net\security_net2.0\securitymodelsolution\securitymodel\x64\debug\soundsensor.obj
c:\users\angel\onedrive\documentos\2025_1\poo\git hub poo\security_net\security_net2.0\securitymodelsolution\securitymodel\x64\debug\sensors.obj
c:\users\angel\onedrive\documentos\2025_1\poo\git hub poo\security_net\security_net2.0\securitymodelsolution\securitymodel\x64\debug\securityoperator.obj
c:\users\angel\onedrive\documentos\2025_1\poo\git hub poo\security_net\security_net2.0\securitymodelsolution\securitymodel\x64\debug\securitymodel.obj
c:\users\angel\onedrive\documentos\2025_1\poo\git hub poo\security_net\security_net2.0\securitymodelsolution\securitymodel\x64\debug\securitybot.obj
c:\users\angel\onedrive\documentos\2025_1\poo\git hub poo\security_net\security_net2.0\securitymodelsolution\securitymodel\x64\debug\route.obj
c:\users\angel\onedrive\documentos\2025_1\poo\git hub poo\security_net\security_net2.0\securitymodelsolution\securitymodel\x64\debug\question.obj
c:\users\angel\onedrive\documentos\2025_1\poo\git hub poo\security_net\security_net2.0\securitymodelsolution\securitymodel\x64\debug\point.obj
c:\users\angel\onedrive\documentos\2025_1\poo\git hub poo\security_net\security_net2.0\securitymodelsolution\securitymodel\x64\debug\mallmap.obj
c:\users\angel\onedrive\documentos\2025_1\poo\git hub poo\security_net\security_net2.0\securitymodelsolution\securitymodel\x64\debug\client.obj
c:\users\angel\onedrive\documentos\2025_1\poo\git hub poo\security_net\security_net2.0\securitymodelsolution\securitymodel\x64\debug\camerasensor.obj
c:\users\angel\onedrive\documentos\2025_1\poo\git hub poo\security_net\security_net2.0\securitymodelsolution\securitymodel\x64\debug\assemblyinfo.obj
c:\users\angel\onedrive\documentos\2025_1\poo\git hub poo\security_net\security_net2.0\securitymodelsolution\securitymodel\x64\debug\administrator.obj
c:\users\angel\onedrive\documentos\2025_1\poo\git hub poo\security_net\security_net2.0\securitymodelsolution\securitymodel\x64\debug\.netframework,version=v4.8.1.assemblyattributes.obj
c:\users\angel\onedrive\documentos\2025_1\poo\git hub poo\security_net\security_net2.0\securitymodelsolution\x64\debug\securitymodel.dll
c:\users\angel\onedrive\documentos\2025_1\poo\git hub poo\security_net\security_net2.0\securitymodelsolution\x64\debug\securitymodel.pdb
c:\users\angel\onedrive\documentos\2025_1\poo\git hub poo\security_net\security_net2.0\securitymodelsolution\securitymodel\x64\debug\app.res
c:\users\angel\onedrive\documentos\2025_1\poo\git hub poo\security_net\security_net2.0\securitymodelsolution\securitymodel\x64\debug\securitymodel.tlog\cl.command.1.tlog
c:\users\angel\onedrive\documentos\2025_1\poo\git hub poo\security_net\security_net2.0\securitymodelsolution\securitymodel\x64\debug\securitymodel.tlog\cl.items.tlog
c:\users\angel\onedrive\documentos\2025_1\poo\git hub poo\security_net\security_net2.0\securitymodelsolution\securitymodel\x64\debug\securitymodel.tlog\cl.read.1.tlog
c:\users\angel\onedrive\documentos\2025_1\poo\git hub poo\security_net\security_net2.0\securitymodelsolution\securitymodel\x64\debug\securitymodel.tlog\cl.write.1.tlog
c:\users\angel\onedrive\documentos\2025_1\poo\git hub poo\security_net\security_net2.0\securitymodelsolution\securitymodel\x64\debug\securitymodel.tlog\link.command.1.tlog
c:\users\angel\onedrive\documentos\2025_1\poo\git hub poo\security_net\security_net2.0\securitymodelsolution\securitymodel\x64\debug\securitymodel.tlog\link.read.1.tlog
c:\users\angel\onedrive\documentos\2025_1\poo\git hub poo\security_net\security_net2.0\securitymodelsolution\securitymodel\x64\debug\securitymodel.tlog\link.secondary.1.tlog
c:\users\angel\onedrive\documentos\2025_1\poo\git hub poo\security_net\security_net2.0\securitymodelsolution\securitymodel\x64\debug\securitymodel.tlog\link.write.1.tlog
c:\users\angel\onedrive\documentos\2025_1\poo\git hub poo\security_net\security_net2.0\securitymodelsolution\securitymodel\x64\debug\securitymodel.tlog\metagen.read.1.tlog
c:\users\angel\onedrive\documentos\2025_1\poo\git hub poo\security_net\security_net2.0\securitymodelsolution\securitymodel\x64\debug\securitymodel.tlog\metagen.write.1.tlog
c:\users\angel\onedrive\documentos\2025_1\poo\git hub poo\security_net\security_net2.0\securitymodelsolution\securitymodel\x64\debug\securitymodel.tlog\rc.command.1.tlog
c:\users\angel\onedrive\documentos\2025_1\poo\git hub poo\security_net\security_net2.0\securitymodelsolution\securitymodel\x64\debug\securitymodel.tlog\rc.read.1.tlog
c:\users\angel\onedrive\documentos\2025_1\poo\git hub poo\security_net\security_net2.0\securitymodelsolution\securitymodel\x64\debug\securitymodel.tlog\rc.write.1.tlog
