  pch.cpp
  Administrator.cpp
  AssemblyInfo.cpp
  CameraSensor.cpp
  Client.cpp
  MallMap.cpp
  Point.cpp
  Question.cpp
  Route.cpp
  SecurityBot.cpp
  SecurityModel.cpp
  SecurityOperator.cpp
  Sensors.cpp
  SoundSensor.cpp
  Ultrasonic.cpp
  UserNet.cpp
  Warning.cpp
  WarningReport.cpp
  WarningType.cpp
  Zone.cpp
  Generando código...
  .NETFramework,Version=v4.8.1.AssemblyAttributes.cpp
  Administrator.obj : se encontró un módulo MSIL; vinculación incremental deshabilitada para MSIL; ejecutando vínculo completo
  SecurityModel.vcxproj -> D:\6TO CICLO\PROG. ORIENTADA OBJETOS\GitHub\Security_Net\Security_Net2.0\SecurityModelSolution\x64\Debug\SecurityModel.dll
