c:\users\ajup1\onedrive\escritorio\6to ciclo\prog. orientada objetos\github\security_net\security_net2.0\securitymodelsolution\securitycontroller\x64\debug\securitycontroller.pch
c:\users\ajup1\onedrive\escritorio\6to ciclo\prog. orientada objetos\github\security_net\security_net2.0\securitymodelsolution\securitycontroller\x64\debug\vc143.pdb
c:\users\ajup1\onedrive\escritorio\6to ciclo\prog. orientada objetos\github\security_net\security_net2.0\securitymodelsolution\securitycontroller\x64\debug\pch.obj
c:\users\ajup1\onedrive\escritorio\6to ciclo\prog. orientada objetos\github\security_net\security_net2.0\securitymodelsolution\securitycontroller\x64\debug\securitycontroller.obj
c:\users\ajup1\onedrive\escritorio\6to ciclo\prog. orientada objetos\github\security_net\security_net2.0\securitymodelsolution\securitycontroller\x64\debug\assemblyinfo.obj
c:\users\ajup1\onedrive\escritorio\6to ciclo\prog. orientada objetos\github\security_net\security_net2.0\securitymodelsolution\securitycontroller\x64\debug\.netframework,version=v4.8.1.assemblyattributes.obj
c:\users\ajup1\onedrive\escritorio\6to ciclo\prog. orientada objetos\github\security_net\security_net2.0\securitymodelsolution\x64\debug\securitycontroller.dll
c:\users\ajup1\onedrive\escritorio\6to ciclo\prog. orientada objetos\github\security_net\security_net2.0\securitymodelsolution\x64\debug\securitycontroller.pdb
c:\users\ajup1\onedrive\escritorio\6to ciclo\prog. orientada objetos\github\security_net\security_net2.0\securitymodelsolution\securitycontroller\x64\debug\app.res
c:\users\ajup1\onedrive\escritorio\6to ciclo\prog. orientada objetos\github\security_net\security_net2.0\securitymodelsolution\securitycontroller\x64\debug\security.43b01cd2.tlog\cl.command.1.tlog
c:\users\ajup1\onedrive\escritorio\6to ciclo\prog. orientada objetos\github\security_net\security_net2.0\securitymodelsolution\securitycontroller\x64\debug\security.43b01cd2.tlog\cl.items.tlog
c:\users\ajup1\onedrive\escritorio\6to ciclo\prog. orientada objetos\github\security_net\security_net2.0\securitymodelsolution\securitycontroller\x64\debug\security.43b01cd2.tlog\cl.read.1.tlog
c:\users\ajup1\onedrive\escritorio\6to ciclo\prog. orientada objetos\github\security_net\security_net2.0\securitymodelsolution\securitycontroller\x64\debug\security.43b01cd2.tlog\cl.write.1.tlog
c:\users\ajup1\onedrive\escritorio\6to ciclo\prog. orientada objetos\github\security_net\security_net2.0\securitymodelsolution\securitycontroller\x64\debug\security.43b01cd2.tlog\link.command.1.tlog
c:\users\ajup1\onedrive\escritorio\6to ciclo\prog. orientada objetos\github\security_net\security_net2.0\securitymodelsolution\securitycontroller\x64\debug\security.43b01cd2.tlog\link.read.1.tlog
c:\users\ajup1\onedrive\escritorio\6to ciclo\prog. orientada objetos\github\security_net\security_net2.0\securitymodelsolution\securitycontroller\x64\debug\security.43b01cd2.tlog\link.secondary.1.tlog
c:\users\ajup1\onedrive\escritorio\6to ciclo\prog. orientada objetos\github\security_net\security_net2.0\securitymodelsolution\securitycontroller\x64\debug\security.43b01cd2.tlog\link.write.1.tlog
c:\users\ajup1\onedrive\escritorio\6to ciclo\prog. orientada objetos\github\security_net\security_net2.0\securitymodelsolution\securitycontroller\x64\debug\security.43b01cd2.tlog\metagen.read.1.tlog
c:\users\ajup1\onedrive\escritorio\6to ciclo\prog. orientada objetos\github\security_net\security_net2.0\securitymodelsolution\securitycontroller\x64\debug\security.43b01cd2.tlog\metagen.write.1.tlog
c:\users\ajup1\onedrive\escritorio\6to ciclo\prog. orientada objetos\github\security_net\security_net2.0\securitymodelsolution\securitycontroller\x64\debug\security.43b01cd2.tlog\rc.command.1.tlog
c:\users\ajup1\onedrive\escritorio\6to ciclo\prog. orientada objetos\github\security_net\security_net2.0\securitymodelsolution\securitycontroller\x64\debug\security.43b01cd2.tlog\rc.read.1.tlog
c:\users\ajup1\onedrive\escritorio\6to ciclo\prog. orientada objetos\github\security_net\security_net2.0\securitymodelsolution\securitycontroller\x64\debug\security.43b01cd2.tlog\rc.write.1.tlog
