c:\users\letizia castillo\onedrive\documentos\poo\security_net\security_net2.0\securitymodelsolution\securityguiapp\x64\debug\vc143.pdb
c:\users\letizia castillo\onedrive\documentos\poo\security_net\security_net2.0\securitymodelsolution\securityguiapp\x64\debug\operatorregistration.obj
c:\users\letizia castillo\onedrive\documentos\poo\security_net\security_net2.0\securitymodelsolution\securityguiapp\x64\debug\operatorform.obj
c:\users\letizia castillo\onedrive\documentos\poo\security_net\security_net2.0\securitymodelsolution\securityguiapp\x64\debug\operationsadminform.obj
c:\users\letizia castillo\onedrive\documentos\poo\security_net\security_net2.0\securitymodelsolution\securityguiapp\x64\debug\noisesensorform.obj
c:\users\letizia castillo\onedrive\documentos\poo\security_net\security_net2.0\securitymodelsolution\securityguiapp\x64\debug\newquestionform.obj
c:\users\letizia castillo\onedrive\documentos\poo\security_net\security_net2.0\securitymodelsolution\securityguiapp\x64\debug\newmapform.obj
c:\users\letizia castillo\onedrive\documentos\poo\security_net\security_net2.0\securitymodelsolution\securityguiapp\x64\debug\modifyfaq.obj
c:\users\letizia castillo\onedrive\documentos\poo\security_net\security_net2.0\securitymodelsolution\securityguiapp\x64\debug\maintainuser.obj
c:\users\letizia castillo\onedrive\documentos\poo\security_net\security_net2.0\securitymodelsolution\securityguiapp\x64\debug\mainform.obj
c:\users\letizia castillo\onedrive\documentos\poo\security_net\security_net2.0\securitymodelsolution\securityguiapp\x64\debug\leafletmapform.obj
c:\users\letizia castillo\onedrive\documentos\poo\security_net\security_net2.0\securitymodelsolution\securityguiapp\x64\debug\faqform.obj
c:\users\letizia castillo\onedrive\documentos\poo\security_net\security_net2.0\securitymodelsolution\securityguiapp\x64\debug\emergencyform.obj
c:\users\letizia castillo\onedrive\documentos\poo\security_net\security_net2.0\securitymodelsolution\securityguiapp\x64\debug\createalarmform.obj
c:\users\letizia castillo\onedrive\documentos\poo\security_net\security_net2.0\securitymodelsolution\securityguiapp\x64\debug\comboboxitem.obj
c:\users\letizia castillo\onedrive\documentos\poo\security_net\security_net2.0\securitymodelsolution\securityguiapp\x64\debug\clientform.obj
c:\users\letizia castillo\onedrive\documentos\poo\security_net\security_net2.0\securitymodelsolution\securityguiapp\x64\debug\asignzonesform.obj
c:\users\letizia castillo\onedrive\documentos\poo\security_net\security_net2.0\securitymodelsolution\securityguiapp\x64\debug\answerform.obj
c:\users\letizia castillo\onedrive\documentos\poo\security_net\security_net2.0\securitymodelsolution\securityguiapp\x64\debug\alarmhistorialform.obj
c:\users\letizia castillo\onedrive\documentos\poo\security_net\security_net2.0\securitymodelsolution\securityguiapp\x64\debug\adminform.obj
c:\users\letizia castillo\onedrive\documentos\poo\security_net\security_net2.0\securitymodelsolution\securityguiapp\x64\debug\.netframework,version=v4.8.1.assemblyattributes.obj
c:\users\letizia castillo\onedrive\documentos\poo\security_net\security_net2.0\securitymodelsolution\securityguiapp\x64\debug\zonelocation.obj
c:\users\letizia castillo\onedrive\documentos\poo\security_net\security_net2.0\securitymodelsolution\securityguiapp\x64\debug\welcomeoperatorform.obj
c:\users\letizia castillo\onedrive\documentos\poo\security_net\security_net2.0\securitymodelsolution\securityguiapp\x64\debug\webmapform.obj
c:\users\letizia castillo\onedrive\documentos\poo\security_net\security_net2.0\securitymodelsolution\securityguiapp\x64\debug\validateopform.obj
c:\users\letizia castillo\onedrive\documentos\poo\security_net\security_net2.0\securitymodelsolution\securityguiapp\x64\debug\updatemapform.obj
c:\users\letizia castillo\onedrive\documentos\poo\security_net\security_net2.0\securitymodelsolution\securityguiapp\x64\debug\surveillancecameraform.obj
c:\users\letizia castillo\onedrive\documentos\poo\security_net\security_net2.0\securitymodelsolution\securityguiapp\x64\debug\securityoperatorform.obj
c:\users\letizia castillo\onedrive\documentos\poo\security_net\security_net2.0\securitymodelsolution\securityguiapp\x64\debug\satisfactionquestion.obj
c:\users\letizia castillo\onedrive\documentos\poo\security_net\security_net2.0\securitymodelsolution\securityguiapp\x64\debug\robotposition.obj
c:\users\letizia castillo\onedrive\documentos\poo\security_net\security_net2.0\securitymodelsolution\securityguiapp\x64\debug\reportalarms.obj
c:\users\letizia castillo\onedrive\documentos\poo\security_net\security_net2.0\securitymodelsolution\x64\debug\microsoft.web.webview2.core.dll
c:\users\letizia castillo\onedrive\documentos\poo\security_net\security_net2.0\securitymodelsolution\x64\debug\microsoft.web.webview2.winforms.dll
c:\users\letizia castillo\onedrive\documentos\poo\security_net\security_net2.0\securitymodelsolution\x64\debug\microsoft.web.webview2.core.xml
c:\users\letizia castillo\onedrive\documentos\poo\security_net\security_net2.0\securitymodelsolution\x64\debug\microsoft.web.webview2.winforms.xml
c:\users\letizia castillo\onedrive\documentos\poo\security_net\security_net2.0\securitymodelsolution\securityguiapp\x64\debug\securityguiapp.vcxproj.assemblyreference.cache
c:\users\letizia castillo\onedrive\documentos\poo\security_net\security_net2.0\securitymodelsolution\securityguiapp\x64\debug\securityguiapp.tlog\cl.command.1.tlog
c:\users\letizia castillo\onedrive\documentos\poo\security_net\security_net2.0\securitymodelsolution\securityguiapp\x64\debug\securityguiapp.tlog\cl.read.1.tlog
c:\users\letizia castillo\onedrive\documentos\poo\security_net\security_net2.0\securitymodelsolution\securityguiapp\x64\debug\securityguiapp.tlog\cl.write.1.tlog
c:\users\letizia castillo\onedrive\documentos\poo\security_net\security_net2.0\securitymodelsolution\securityguiapp\x64\debug\securityguiapp.tlog\copylocal.read.1u.tlog
c:\users\letizia castillo\onedrive\documentos\poo\security_net\security_net2.0\securitymodelsolution\securityguiapp\x64\debug\securityguiapp.tlog\copylocal.write.1u.tlog
c:\users\letizia castillo\onedrive\documentos\poo\security_net\security_net2.0\securitymodelsolution\securityguiapp\x64\debug\securityguiapp.tlog\metagen.write.1.tlog
